
                                      ARENA Simulation Results
                                   alvaroLopez - License: STUDENT

                                  Summary for Replication 1 of 1

Project: Unnamed Project                                             Run execution date : 6/13/2026
Analyst: Notebookl                                                   Model revision date: 6/13/2026

Replication ended at time      : 168.0 Hours 
Base Time Units: Hours

                                           TALLY VARIABLES

Identifier                                  Average   Half Width  Minimum    Maximum   Observations
___________________________________________________________________________________________________

Vehiculos.VATime                            .37850     (Insuf)    .00000     1.1716        100    
Vehiculos.NVATime                           .00000     (Insuf)    .00000     .00000        100    
Vehiculos.WaitTime                          .26219     (Insuf)    .00000     1.5609        100    
Vehiculos.TranTime                          .00000     (Insuf)    .00000     .00000        100    
Vehiculos.OtherTime                         .00000     (Insuf)    .00000     .00000        100    
Vehiculos.TotalTime                         .64069     (Insuf)    .00000     1.9570        100    
SectorCarga.Queue.WaitingTime               .27030     (Insuf)    .00000     1.5609         97    

                                     DISCRETE-CHANGE VARIABLES

Identifier                                  Average   Half Width  Minimum    Maximum   Final Value
___________________________________________________________________________________________________

Vehiculos.WIP                               .38137     (Insuf)    .00000     4.0000     .00000    
cargador.NumberBusy                         .22530     (Insuf)    .00000     1.0000     .00000    
cargador.NumberScheduled                    1.0000     (Insuf)    1.0000     1.0000     1.0000    
cargador.Utilization                        .22530     (Insuf)    .00000     1.0000     .00000    
SectorCarga.Queue.NumberInQueue             .15607     (Insuf)    .00000     2.0000     .00000    

                                             COUNTERS

Identifier                                    Count   Limit
_____________________________________________________________

lleno                                            31  Infinite
ochenta                                          69  Infinite
total vehiculos abandono la fila                  3  Infinite
total vehiculos cargaron al 80%                  67  Infinite
total vehiculos cargaron al 100%                 30  Infinite

                                             OUTPUTS

Identifier                                   Value
_____________________________________________________________

Vehiculos.NumberIn                          100.00    
Vehiculos.NumberOut                         100.00    
cargador.NumberSeized                       97.000    
cargador.ScheduledUtilization               .22530    
System.NumberOut                            100.00    


Simulation run time: 0.00 minutes.
Simulation run complete.
